2026-02-23 10:47:14,594{GMT}	INFO	[jepsen test runner] jepsen.core: Test version 526450d3ca36fd6fc218ff1c9f93ca5ac8e41236 (plus uncommitted changes)
2026-02-23 10:47:14,595{GMT}	INFO	[jepsen test runner] jepsen.core: Command line:
lein run test -w lin-kv --bin /home/a1bderrahmane/omnipaxos-kv-fork/target/debug/maelstrom
2026-02-23 10:47:14,656{GMT}	INFO	[jepsen test runner] jepsen.core: Running test:
{:args []
 :remote
 #jepsen.control.retry.Remote{:remote #jepsen.control.scp.Remote{:cmd-remote #jepsen.control.sshj.SSHJRemote{:concurrency-limit 6,
                                                                                                             :conn-spec nil,
                                                                                                             :client nil,
                                                                                                             :semaphore nil},
                                                                 :conn-spec nil},
                              :conn nil}
 :log-net-send false
 :node-count nil
 :availability nil
 :max-txn-length 4
 :concurrency 5
 :db
 #object[maelstrom.db$db$reify__16612
         "0x3f19f197"
         "maelstrom.db$db$reify__16612@3f19f197"]
 :max-writes-per-key 16
 :leave-db-running? false
 :name "lin-kv"
 :logging-json? false
 :start-time
 #object[org.joda.time.DateTime "0x7b0eb7e" "2026-02-23T10:47:14.555+01:00"]
 :nemesis-interval 10
 :net
 #object[maelstrom.net$jepsen_net$reify__15721
         "0x2381a837"
         "maelstrom.net$jepsen_net$reify__15721@2381a837"]
 :client
 #object[maelstrom.workload.lin_kv$client$reify__20973
         "0x7be29ac4"
         "maelstrom.workload.lin_kv$client$reify__20973@7be29ac4"]
 :barrier
 #object[java.util.concurrent.CyclicBarrier
         "0x2523730b"
         "java.util.concurrent.CyclicBarrier@2523730b"]
 :log-stderr false
 :pure-generators true
 :ssh {:dummy? true}
 :rate 5
 :checker
 #object[jepsen.checker$compose$reify__11089
         "0x25c887ca"
         "jepsen.checker$compose$reify__11089@25c887ca"]
 :argv
 ("test"
  "-w"
  "lin-kv"
  "--bin"
  "/home/a1bderrahmane/omnipaxos-kv-fork/target/debug/maelstrom")
 :nemesis
 (jepsen.nemesis.ReflCompose
  {:fm {:start-partition 0,
        :stop-partition 0,
        :kill 1,
        :start 1,
        :pause 1,
        :resume 1},
   :nemeses [#unprintable "jepsen.nemesis.combined$partition_nemesis$reify__16905@ba65354"
             #unprintable "jepsen.nemesis.combined$db_nemesis$reify__16886@647dcc5e"]})
 :nodes ["n1" "n2" "n3" "n4" "n5"]
 :test-count 1
 :latency {:mean 0, :dist :constant}
 :bin "/home/a1bderrahmane/omnipaxos-kv-fork/target/debug/maelstrom"
 :generator
 #object[jepsen.util.Forgettable
         "0x734db023"
         (jepsen.generator.TimeLimit
          {:limit 60000000000,
           :cutoff nil,
           :gen (jepsen.generator.Any
                 {:gens [(jepsen.generator.OnThreads
                          {:f #{:nemesis},
                           :context-filter #object[jepsen.generator.context$make_thread_filter$lazy_filter__12077
                                                   "0x6f5690f3"
                                                   "jepsen.generator.context$make_thread_filter$lazy_filter__12077@6f5690f3"],
                           :gen nil})
                         (jepsen.generator.OnThreads
                          {:f #jepsen.generator.context.AllBut{:element :nemesis},
                           :context-filter #object[jepsen.generator.context$make_thread_filter$lazy_filter__12077
                                                   "0x160a8986"
                                                   "jepsen.generator.context$make_thread_filter$lazy_filter__12077@160a8986"],
                           :gen (jepsen.generator.Stagger
                                 {:dt 400000000,
                                  :next-time nil,
                                  :gen (jepsen.generator.OnThreads
                                        {:f #jepsen.generator.context.AllBut{:element :nemesis},
                                         :context-filter #object[jepsen.generator.context$make_thread_filter$lazy_filter__12077
                                                                 "0x11ed241c"
                                                                 "jepsen.generator.context$make_thread_filter$lazy_filter__12077@11ed241c"],
                                         :gen (jepsen.independent.ConcurrentGenerator
                                               {:n 10,
                                                :fgen #object[jepsen.tests.linearizable_register$test$fn__17385
                                                              "0x2f24e1f3"
                                                              "jepsen.tests.linearizable_register$test$fn__17385@2f24e1f3"],
                                                :group->threads nil,
                                                :thread->group nil,
                                                :group->context-filter nil,
                                                :keys (0 1 2 3 4 5 6 7 ...),
                                                :gens nil})})})})]})})]
 :log-net-recv false
 :os
 #object[maelstrom.net$jepsen_os$reify__15724
         "0x36aacc46"
         "maelstrom.net$jepsen_os$reify__15724@36aacc46"]
 :time-limit 60
 :workload :lin-kv
 :consistency-models [:strict-serializable]
 :topology :grid}

2026-02-23 10:47:16,130{GMT}	INFO	[jepsen node n1] maelstrom.net: Starting Maelstrom network
2026-02-23 10:47:16,132{GMT}	INFO	[jepsen test runner] jepsen.db: Tearing down DB
2026-02-23 10:47:16,137{GMT}	INFO	[jepsen test runner] jepsen.db: Setting up DB
2026-02-23 10:47:16,138{GMT}	INFO	[jepsen node n2] maelstrom.db: Setting up n2
2026-02-23 10:47:16,138{GMT}	INFO	[jepsen node n3] maelstrom.db: Setting up n3
2026-02-23 10:47:16,138{GMT}	INFO	[jepsen node n4] maelstrom.db: Setting up n4
2026-02-23 10:47:16,139{GMT}	INFO	[jepsen node n5] maelstrom.db: Setting up n5
2026-02-23 10:47:16,139{GMT}	INFO	[jepsen node n4] maelstrom.process: launching /home/a1bderrahmane/omnipaxos-kv-fork/target/debug/maelstrom []
2026-02-23 10:47:16,139{GMT}	INFO	[jepsen node n5] maelstrom.process: launching /home/a1bderrahmane/omnipaxos-kv-fork/target/debug/maelstrom []
2026-02-23 10:47:16,139{GMT}	INFO	[jepsen node n2] maelstrom.process: launching /home/a1bderrahmane/omnipaxos-kv-fork/target/debug/maelstrom []
2026-02-23 10:47:16,139{GMT}	INFO	[jepsen node n3] maelstrom.process: launching /home/a1bderrahmane/omnipaxos-kv-fork/target/debug/maelstrom []
2026-02-23 10:47:16,142{GMT}	INFO	[jepsen node n1] maelstrom.service: Starting services: (lin-kv lin-tso lww-kv seq-kv)
2026-02-23 10:47:16,145{GMT}	INFO	[jepsen node n1] maelstrom.db: Setting up n1
2026-02-23 10:47:16,147{GMT}	INFO	[jepsen node n1] maelstrom.process: launching /home/a1bderrahmane/omnipaxos-kv-fork/target/debug/maelstrom []
2026-02-23 10:47:26,173{GMT}	INFO	[jepsen node n1] maelstrom.db: Tearing down n1
2026-02-23 10:47:26,174{GMT}	INFO	[jepsen node n3] maelstrom.db: Tearing down n3
2026-02-23 10:47:26,174{GMT}	INFO	[jepsen node n2] maelstrom.db: Tearing down n2
2026-02-23 10:47:26,174{GMT}	INFO	[jepsen node n5] maelstrom.db: Tearing down n5
2026-02-23 10:47:26,174{GMT}	INFO	[jepsen node n4] maelstrom.db: Tearing down n4
2026-02-23 10:47:28,173{GMT}	INFO	[jepsen node n1] maelstrom.net: Shutting down Maelstrom network
2026-02-23 10:47:28,179{GMT}	WARN	[jepsen test runner] jepsen.core: Test crashed!
clojure.lang.ExceptionInfo: Expected node n1 to respond to an init message, but node did not respond.
	at slingshot.support$stack_trace.invoke(support.clj:201)
	at maelstrom.db$db$reify__16612.setup_BANG_(db.clj:63)
	at jepsen.db$fn__11614$G__11608__11618.invoke(db.clj:12)
	at jepsen.db$fn__11614$G__11607__11623.invoke(db.clj:12)
	at clojure.core$partial$fn__5927.invoke(core.clj:2642)
	at jepsen.control$on_nodes$fn__9552.invoke(control.clj:319)
	at clojure.lang.AFn.applyToHelper(AFn.java:154)
	at clojure.lang.AFn.applyTo(AFn.java:144)
	at clojure.core$apply.invokeStatic(core.clj:667)
	at clojure.core$with_bindings_STAR_.invokeStatic(core.clj:1990)
	at clojure.core$with_bindings_STAR_.doInvoke(core.clj:1990)
	at clojure.lang.RestFn.applyTo(RestFn.java:145)
	at clojure.core$apply.invokeStatic(core.clj:671)
	at clojure.core$bound_fn_STAR_$fn__5837.doInvoke(core.clj:2020)
	at clojure.lang.RestFn.invoke(RestFn.java:411)
	at dom_top.core$real_pmap_helper$build_thread__730$fn__731.invoke(core.clj:163)
	at clojure.lang.AFn.applyToHelper(AFn.java:152)
	at clojure.lang.AFn.applyTo(AFn.java:144)
	at clojure.core$apply.invokeStatic(core.clj:667)
	at clojure.core$with_bindings_STAR_.invokeStatic(core.clj:1990)
	at clojure.core$with_bindings_STAR_.doInvoke(core.clj:1990)
	at clojure.lang.RestFn.invoke(RestFn.java:428)
	at clojure.lang.AFn.applyToHelper(AFn.java:156)
	at clojure.lang.RestFn.applyTo(RestFn.java:135)
	at clojure.core$apply.invokeStatic(core.clj:671)
	at clojure.core$bound_fn_STAR_$fn__5837.doInvoke(core.clj:2020)
	at clojure.lang.RestFn.invoke(RestFn.java:400)
	at clojure.lang.AFn.run(AFn.java:22)
	at java.base/java.lang.Thread.run(Thread.java:1583)
Caused by: clojure.lang.ExceptionInfo: Client read timeout
	at slingshot.support$stack_trace.invoke(support.clj:201)
	at maelstrom.client$recv_BANG_.invokeStatic(client.clj:98)
	at maelstrom.client$recv_BANG_.invoke(client.clj:81)
	at maelstrom.client$send_PLUS_recv_BANG_.invokeStatic(client.clj:123)
	at maelstrom.client$send_PLUS_recv_BANG_.invoke(client.clj:119)
	at maelstrom.client$rpc_BANG_.invokeStatic(client.clj:149)
	at maelstrom.client$rpc_BANG_.invoke(client.clj:140)
	at maelstrom.db$db$reify__16612.setup_BANG_(db.clj:48)
	... 27 common frames omitted
