2026-02-23 10:24:40,377{GMT}	INFO	[jepsen test runner] jepsen.core: Test version 526450d3ca36fd6fc218ff1c9f93ca5ac8e41236 (plus uncommitted changes)
2026-02-23 10:24:40,377{GMT}	INFO	[jepsen test runner] jepsen.core: Command line:
lein run test -w lin-kv --bin ./src/client/maelstrom_proxy --node-count 5 --concurrency 5 --time-limit 30 --rate 10 --log-stderr
2026-02-23 10:24:40,448{GMT}	INFO	[jepsen test runner] jepsen.core: Running test:
{:args []
 :remote
 #jepsen.control.retry.Remote{:remote #jepsen.control.scp.Remote{:cmd-remote #jepsen.control.sshj.SSHJRemote{:concurrency-limit 6,
                                                                                                             :conn-spec nil,
                                                                                                             :client nil,
                                                                                                             :semaphore nil},
                                                                 :conn-spec nil},
                              :conn nil}
 :log-net-send false
 :node-count 5
 :availability nil
 :max-txn-length 4
 :concurrency 5
 :db
 #object[maelstrom.db$db$reify__16612
         "0x75be3cdf"
         "maelstrom.db$db$reify__16612@75be3cdf"]
 :max-writes-per-key 16
 :leave-db-running? false
 :name "lin-kv"
 :logging-json? false
 :start-time
 #object[org.joda.time.DateTime "0x3f19f197" "2026-02-23T10:24:40.351+01:00"]
 :nemesis-interval 10
 :net
 #object[maelstrom.net$jepsen_net$reify__15721
         "0x30628ef9"
         "maelstrom.net$jepsen_net$reify__15721@30628ef9"]
 :client
 #object[maelstrom.workload.lin_kv$client$reify__20973
         "0x6757ed9e"
         "maelstrom.workload.lin_kv$client$reify__20973@6757ed9e"]
 :barrier
 #object[java.util.concurrent.CyclicBarrier
         "0x77d5395a"
         "java.util.concurrent.CyclicBarrier@77d5395a"]
 :log-stderr true
 :pure-generators true
 :ssh {:dummy? true}
 :rate 10.0
 :checker
 #object[jepsen.checker$compose$reify__11089
         "0x7b0eb7e"
         "jepsen.checker$compose$reify__11089@7b0eb7e"]
 :argv
 ("test"
  "-w"
  "lin-kv"
  "--bin"
  "./src/client/maelstrom_proxy"
  "--node-count"
  "5"
  "--concurrency"
  "5"
  "--time-limit"
  "30"
  "--rate"
  "10"
  "--log-stderr")
 :nemesis
 (jepsen.nemesis.ReflCompose
  {:fm {:start-partition 0,
        :stop-partition 0,
        :kill 1,
        :start 1,
        :pause 1,
        :resume 1},
   :nemeses [#unprintable "jepsen.nemesis.combined$partition_nemesis$reify__16905@2381a837"
             #unprintable "jepsen.nemesis.combined$db_nemesis$reify__16886@7be29ac4"]})
 :nodes ["n0" "n1" "n2" "n3" "n4"]
 :test-count 1
 :latency {:mean 0, :dist :constant}
 :bin "./src/client/maelstrom_proxy"
 :generator
 #object[jepsen.util.Forgettable
         "0x87f8146"
         (jepsen.generator.TimeLimit
          {:limit 30000000000,
           :cutoff nil,
           :gen (jepsen.generator.Any
                 {:gens [(jepsen.generator.OnThreads
                          {:f #{:nemesis},
                           :context-filter #object[jepsen.generator.context$make_thread_filter$lazy_filter__12077
                                                   "0x57e351a"
                                                   "jepsen.generator.context$make_thread_filter$lazy_filter__12077@57e351a"],
                           :gen nil})
                         (jepsen.generator.OnThreads
                          {:f #jepsen.generator.context.AllBut{:element :nemesis},
                           :context-filter #object[jepsen.generator.context$make_thread_filter$lazy_filter__12077
                                                   "0x1b2c513e"
                                                   "jepsen.generator.context$make_thread_filter$lazy_filter__12077@1b2c513e"],
                           :gen (jepsen.generator.Stagger
                                 {:dt 200000000,
                                  :next-time nil,
                                  :gen (jepsen.generator.OnThreads
                                        {:f #jepsen.generator.context.AllBut{:element :nemesis},
                                         :context-filter #object[jepsen.generator.context$make_thread_filter$lazy_filter__12077
                                                                 "0x4098ef14"
                                                                 "jepsen.generator.context$make_thread_filter$lazy_filter__12077@4098ef14"],
                                         :gen (jepsen.independent.ConcurrentGenerator
                                               {:n 10,
                                                :fgen #object[jepsen.tests.linearizable_register$test$fn__17385
                                                              "0x1b74a062"
                                                              "jepsen.tests.linearizable_register$test$fn__17385@1b74a062"],
                                                :group->threads nil,
                                                :thread->group nil,
                                                :group->context-filter nil,
                                                :keys (0 1 2 3 4 5 6 7 ...),
                                                :gens nil})})})})]})})]
 :log-net-recv false
 :os
 #object[maelstrom.net$jepsen_os$reify__15724
         "0x160a8986"
         "maelstrom.net$jepsen_os$reify__15724@160a8986"]
 :time-limit 30
 :workload :lin-kv
 :consistency-models [:strict-serializable]
 :topology :grid}

2026-02-23 10:24:41,935{GMT}	INFO	[jepsen node n0] maelstrom.net: Starting Maelstrom network
2026-02-23 10:24:41,938{GMT}	INFO	[jepsen test runner] jepsen.db: Tearing down DB
2026-02-23 10:24:41,943{GMT}	INFO	[jepsen test runner] jepsen.db: Setting up DB
2026-02-23 10:24:41,945{GMT}	INFO	[jepsen node n1] maelstrom.db: Setting up n1
2026-02-23 10:24:41,945{GMT}	INFO	[jepsen node n2] maelstrom.db: Setting up n2
2026-02-23 10:24:41,945{GMT}	INFO	[jepsen node n3] maelstrom.db: Setting up n3
2026-02-23 10:24:41,945{GMT}	INFO	[jepsen node n4] maelstrom.db: Setting up n4
2026-02-23 10:24:41,946{GMT}	INFO	[jepsen node n4] maelstrom.process: launching ./src/client/maelstrom_proxy []
2026-02-23 10:24:41,946{GMT}	INFO	[jepsen node n1] maelstrom.process: launching ./src/client/maelstrom_proxy []
2026-02-23 10:24:41,946{GMT}	INFO	[jepsen node n3] maelstrom.process: launching ./src/client/maelstrom_proxy []
2026-02-23 10:24:41,946{GMT}	INFO	[jepsen node n2] maelstrom.process: launching ./src/client/maelstrom_proxy []
2026-02-23 10:24:41,948{GMT}	INFO	[jepsen node n0] maelstrom.service: Starting services: (lin-kv lin-tso lww-kv seq-kv)
2026-02-23 10:24:41,952{GMT}	INFO	[jepsen node n0] maelstrom.db: Setting up n0
2026-02-23 10:24:41,953{GMT}	INFO	[jepsen node n0] maelstrom.process: launching ./src/client/maelstrom_proxy []
2026-02-23 10:24:42,960{GMT}	INFO	[jepsen node n0] maelstrom.net: Shutting down Maelstrom network
2026-02-23 10:24:42,966{GMT}	WARN	[jepsen test runner] jepsen.core: Test crashed!
java.io.IOException: Cannot run program "/home/a1bderrahmane/omnipaxos-kv-fork/src/client/maelstrom_proxy" (in directory "/tmp"): Exec failed, error: 2 (No such file or directory) 
	at java.base/java.lang.ProcessBuilder.start(ProcessBuilder.java:1170)
	at java.base/java.lang.ProcessBuilder.start(ProcessBuilder.java:1089)
	at maelstrom.process$start_node_BANG_.invokeStatic(process.clj:199)
	at maelstrom.process$start_node_BANG_.invoke(process.clj:168)
	at maelstrom.db$db$reify__16612.setup_BANG_(db.clj:34)
	at jepsen.db$fn__11614$G__11608__11618.invoke(db.clj:12)
	at jepsen.db$fn__11614$G__11607__11623.invoke(db.clj:12)
	at clojure.core$partial$fn__5927.invoke(core.clj:2642)
	at jepsen.control$on_nodes$fn__9552.invoke(control.clj:319)
	at clojure.lang.AFn.applyToHelper(AFn.java:154)
	at clojure.lang.AFn.applyTo(AFn.java:144)
	at clojure.core$apply.invokeStatic(core.clj:667)
	at clojure.core$with_bindings_STAR_.invokeStatic(core.clj:1990)
	at clojure.core$with_bindings_STAR_.doInvoke(core.clj:1990)
	at clojure.lang.RestFn.applyTo(RestFn.java:145)
	at clojure.core$apply.invokeStatic(core.clj:671)
	at clojure.core$bound_fn_STAR_$fn__5837.doInvoke(core.clj:2020)
	at clojure.lang.RestFn.invoke(RestFn.java:411)
	at dom_top.core$real_pmap_helper$build_thread__730$fn__731.invoke(core.clj:163)
	at clojure.lang.AFn.applyToHelper(AFn.java:152)
	at clojure.lang.AFn.applyTo(AFn.java:144)
	at clojure.core$apply.invokeStatic(core.clj:667)
	at clojure.core$with_bindings_STAR_.invokeStatic(core.clj:1990)
	at clojure.core$with_bindings_STAR_.doInvoke(core.clj:1990)
	at clojure.lang.RestFn.invoke(RestFn.java:428)
	at clojure.lang.AFn.applyToHelper(AFn.java:156)
	at clojure.lang.RestFn.applyTo(RestFn.java:135)
	at clojure.core$apply.invokeStatic(core.clj:671)
	at clojure.core$bound_fn_STAR_$fn__5837.doInvoke(core.clj:2020)
	at clojure.lang.RestFn.invoke(RestFn.java:400)
	at clojure.lang.AFn.run(AFn.java:22)
	at java.base/java.lang.Thread.run(Thread.java:1583)
Caused by: java.io.IOException: Exec failed, error: 2 (No such file or directory) 
	at java.base/java.lang.ProcessImpl.forkAndExec(Native Method)
	at java.base/java.lang.ProcessImpl.<init>(ProcessImpl.java:295)
	at java.base/java.lang.ProcessImpl.start(ProcessImpl.java:225)
	at java.base/java.lang.ProcessBuilder.start(ProcessBuilder.java:1126)
	... 31 common frames omitted
